<html>
<body>
<pre>
<h1>µVision Build Log</h1>
<h2>Tool Versions:</h2>
IDE-Version: µVision V5.40.0.0
Copyright (C) 2024 ARM Ltd and ARM Germany GmbH. All rights reserved.
License Information: Ksrind 23, 123, LIC=21E4T-RWVP8-UH48H-W85GK-DLA2S-N9CY3
 
Tool Versions:
Toolchain:       MDK-ARM Plus  Version: 5.40.0.3
Toolchain Path:  C:\Users\minhd\AppData\Local\Keil_v5\ARM\ARMCLANG\Bin
C Compiler:      ArmClang.exe V6.22
Assembler:       Armasm.exe V6.22
Linker/Locator:  ArmLink.exe V6.22
Library Manager: ArmAr.exe V6.22
Hex Converter:   FromElf.exe V6.22
CPU DLL:         SARMCM3.DLL V5.40.0.3
Dialog DLL:      DCM.DLL V1.17.5.0
Target DLL:      STLink\ST-LINKIII-KEIL_SWO.dll V3.3.0.0
Dialog DLL:      TCM.DLL V1.56.4.0
 
<h2>Project:</h2>
D:\Documents\File_code\STM32\STM32_CMSIS\GPIO_LIB\GPIO_LIB.uvprojx
Project File Date:  09/20/2024

<h2>Output:</h2>
*** Using Compiler 'V6.22', folder: 'C:\Users\minhd\AppData\Local\Keil_v5\ARM\ARMCLANG\Bin'
Rebuild target 'Target 1'
gp_drive.c(18): warning: variable 'CR' is used uninitialized whenever 'if' condition is false [-Wsometimes-uninitialized]
   18 |         }else if(port==3){
      |                  ^~~~~~~
gp_drive.c(23): note: uninitialized use occurs here
   23 |         *CR&=~(0xf <<(tPIN*4)); //reset target pin
      |          ^~
gp_drive.c(18): note: remove the 'if' if its condition is always true
   18 |         }else if(port==3){
      |               ^~~~~~~~~~~
gp_drive.c(4): note: initialize the variable 'CR' to silence this warning
    4 |         volatile unsigned long *CR;
      |                                   ^
      |                                    = 0
gp_drive.c(36): warning: variable 'IDR' is used uninitialized whenever 'if' condition is false [-Wsometimes-uninitialized]
   36 |         }else if(port==3){
      |                  ^~~~~~~
gp_drive.c(39): note: uninitialized use occurs here
   39 |         state= ((*IDR) & 1<<(pin))>>pin;
      |                   ^~~
gp_drive.c(36): note: remove the 'if' if its condition is always true
   36 |         }else if(port==3){
      |               ^~~~~~~~~~~
gp_drive.c(28): note: initialize the variable 'IDR' to silence this warning
   28 |         volatile unsigned long *IDR;
      |                                    ^
      |                                     = 0
2 warnings generated.
compiling gp_drive.c...
assembling startup_stm32f10x_md.s...
compiling main.c...
compiling system_stm32f10x.c...
linking...
Program Size: Code=1400 RO-data=252 RW-data=0 ZI-data=1632  
".\Objects\GPIO_LIB.axf" - 0 Error(s), 2 Warning(s).

<h2>Software Packages used:</h2>

Package Vendor: ARM
                https://www.keil.com/pack/ARM.CMSIS.6.1.0.pack
                ARM::CMSIS@6.1.0
                CMSIS (Common Microcontroller Software Interface Standard)
   * Component: CORE Version: 6.1.0

Package Vendor: Keil
                https://www.keil.com/pack/Keil.STM32F1xx_DFP.2.4.1.pack
                Keil::STM32F1xx_DFP@2.4.1
                STMicroelectronics STM32F1 Series Device Support, Drivers and Examples
   * Component: Startup Version: 1.0.0

<h2>Collection of Component include folders:</h2>
  ./RTE/Device/STM32F103C8
  ./RTE/_Target_1
  C:/Users/minhd/AppData/Local/Arm/Packs/ARM/CMSIS/6.1.0/CMSIS/Core/Include
  C:/Users/minhd/AppData/Local/Arm/Packs/Keil/STM32F1xx_DFP/2.4.1/Device/Include

<h2>Collection of Component Files used:</h2>

   * Component: ARM::CMSIS:CORE@6.1.0

   * Component: Keil::Device:Startup@1.0.0
      Source file:   Device/Source/ARM/startup_stm32f10x_md.s
      Source file:   Device/Source/system_stm32f10x.c
      Include file:  RTE_Driver/Config/RTE_Device.h
      Source file:   Device/Source/ARM/STM32F1xx_OPT.s
Build Time Elapsed:  00:00:00
</pre>
</body>
</html>
